Test Report
===========

game_engine module does not exist in your solution.
mp_game_engine module does not exist in your solution.
place_battleships function is missing an argument.Check your function has a board, ships and algorithm argument
root function does not exist in your solution.
placement_interface function does not exist in your solution.
